[Licensing::Module] Trying to connect to existing licensing client channel...
Built from '6000.5/staging' branch; Version is '6000.5.6f1 (0e0577a1a2ac) revision 918903'; Using compiler version '194234433'; Build Type 'Release'
[Licensing::IpcConnector] Successfully connected to: "LicenseClient-moham" at "2026-09-27T09:35:18.5803621Z"
OS: 'Windows 11  (10.0.26200) CoreSingleLanguage' Language: 'en' Physical Memory: 15791 MB
BatchMode: 1, IsHumanControllingUs: 0, StartBugReporterOnCrash: 0, Is64bit: 1
System  architecture: x64
Process architecture: x64
Date: 2026-09-27T09:35:18Z

COMMAND LINE ARGUMENTS:
C:\Program Files\Unity\Hub\Editor\6000.5.6f1\Editor\Unity.exe
-adb2
-batchMode
-noUpm
-name
AssetImportWorkerHW0
-projectPath
D:/Private/unity projects/graduation project
-logFile
Logs/AssetImportWorkerHW0.log
-srvPort
61471
-parentPid
14392
-analyticsCloudUserId
anonymous
-analyticsCloudProjectId
291acd71-118b-40ac-89d3-7ffcec4a79ac
-analyticsLocalProjectId
f68b6d856de71cf4ca2d7ec688c30546
-editorAnalyticsEnabled
1
-cbmEditorLicense
933a23ad8733aad2bb6c6f07c5ac98a5333c8fbc
-cbmMachineId
CggcBLhDli6xer8RWuH3wsPVpWM=
-licensingIpc
LicenseClient-moham
-noDiagnosticSwitchPersistentStore
-job-worker-count
7
-background-job-worker-count
8
-asset-garbage-collectors
1
-force-d3d12
-name
AssetImport
Successfully changed project path to: D:/Private/unity projects/graduation project
D:/Private/unity projects/graduation project
[UnityMemory] Configuration Parameters - Can be set up in boot.config
    "memorysetup-temp-allocator-size-gi-baking-worker=262144"
    "memorysetup-temp-allocator-size-gi-baking-worker=262144"
    "memorysetup-temp-allocator-size-gi-baking-worker=262144"
    "memorysetup-temp-allocator-size-gi-baking-worker=262144"
    "memorysetup-temp-allocator-size-gi-baking-worker=262144"
    "memorysetup-temp-allocator-size-nav-mesh-worker=65536"
    "memorysetup-temp-allocator-size-audio-worker=65536"
    "memorysetup-temp-allocator-size-cloud-worker=32768"
    "memorysetup-temp-allocator-size-gfx=262144"
    "memorysetup-temp-allocator-size-preload-manager=33554432"
    "memorysetup-allocator-temp-initial-block-size-main=262144"
    "memorysetup-allocator-temp-initial-block-size-worker=262144"
    "memorysetup-temp-allocator-size-job-worker=262144"
    "memorysetup-temp-allocator-size-background-worker=32768"
    "memorysetup-bucket-allocator-granularity=16"
    "memorysetup-bucket-allocator-bucket-count=8"
    "memorysetup-bucket-allocator-block-size=33554432"
    "memorysetup-bucket-allocator-block-count=8"
    "memorysetup-main-allocator-block-size=16777216"
    "memorysetup-thread-allocator-block-size=16777216"
    "memorysetup-main-allocator-mimalloc-enabled=0"
    "memorysetup-gfx-main-allocator-block-size=16777216"
    "memorysetup-gfx-thread-allocator-block-size=16777216"
    "memorysetup-cache-allocator-block-size=4194304"
    "memorysetup-typetree-allocator-block-size=2097152"
    "memorysetup-profiler-bucket-allocator-granularity=16"
    "memorysetup-profiler-bucket-allocator-bucket-count=8"
    "memorysetup-profiler-bucket-allocator-block-size=33554432"
    "memorysetup-profiler-bucket-allocator-block-count=8"
    "memorysetup-profiler-allocator-block-size=16777216"
    "memorysetup-profiler-editor-allocator-block-size=1048576"
    "memorysetup-temp-allocator-size-main=16777216"
    "memorysetup-job-temp-allocator-block-size=2097152"
    "memorysetup-job-temp-allocator-block-size-background=1048576"
    "memorysetup-job-temp-allocator-reduction-small-platforms=262144"
Player connection [22304]  Target information:

Player connection [22304]  * "[IP] 192.168.1.4 [Port] 0 [Flags] 2 [Guid] 353811203 [EditorId] 353811203 [Version] 1048832 [Id] WindowsEditor(7,Mohamed_El-hout) [Debug] 1 [PackageName] WindowsEditor [ProjectName] Editor" 

Player connection [22304] Host joined multi-casting on [225.0.0.222:54997]...
Player connection [22304] Host joined alternative multi-casting on [225.0.0.222:34997]...
JobSystem: Creating JobQueue using job-worker-count value 7
Input System module state changed to: Initialized.
[Physics::Module] Initialized fallback backend.
[Physics::Module] Id: 0xdecafbad
Library Redirect Path: Library/
[Physics::Module] Selected backend.
[Physics::Module] Name: PhysX
[Physics::Module] Id: 0xf2b8ea05
[Physics::Module] SDK Version: 4.1.2
[Physics::Module] Integration Version: 1.0.0
[Physics::Module] Threading Mode: Multi-Threaded
Refreshing native plugins compatible for Editor in 4.15 ms, found 4 plugins.
Initialize engine version: 6000.5.6f1 (0e0577a1a2ac)
[Subsystems] Discovering subsystems at path C:/Program Files/Unity/Hub/Editor/6000.5.6f1/Editor/Data/Resources/UnitySubsystems
[Subsystems] Discovering subsystems at path D:/Private/unity projects/graduation project/Assets
Forcing GfxDevice: Direct3D 12
GfxDevice: creating device client; kGfxThreadingModeNonThreaded
d3d12: failed to query info queue interface (0x80004002).
Direct3D:
    Version:         Direct3D 12 [level 12.2]
    Renderer:        NVIDIA GeForce RTX 3060 Laptop GPU (ID=0x2520)
    Vendor:          NVIDIA
    VRAM:            5996 MB
    App VRAM Budget: 5228 MB
    Driver:          32.0.15.5597
Initialize mono
Mono path[0] = 'C:/Program Files/Unity/Hub/Editor/6000.5.6f1/Editor/Data/Managed'
Mono path[1] = 'C:/Program Files/Unity/Hub/Editor/6000.5.6f1/Editor/Data/BCLExtensions/runtime/netstandard2.1'
Mono path[2] = 'C:/Program Files/Unity/Hub/Editor/6000.5.6f1/Editor/Data/MonoBleedingEdge/lib/mono/unityjit-win32'
Mono config path = 'C:/Program Files/Unity/Hub/Editor/6000.5.6f1/Editor/Data/MonoBleedingEdge/etc'
Using monoOptions --debugger-agent=transport=dt_socket,embedding=1,server=y,suspend=n,address=127.0.0.1:56504
CodeReloadManager initialized
Begin MonoManager ReloadAssembly
Registering precompiled unity dll's ...
Register platform support module: C:/Program Files/Unity/Hub/Editor/6000.5.6f1/Editor/Data/PlaybackEngines/WebGLSupport/UnityEditor.WebGL.Extensions.dll
Register platform support module: C:/Program Files/Unity/Hub/Editor/6000.5.6f1/Editor/Data/PlaybackEngines/WindowsStandaloneSupport/UnityEditor.WindowsStandalone.Extensions.dll
Registered in 0.003021 seconds.
[Licensing::Client] Error: HandshakeResponse reported an error:
	ResponseCode: 505
	ResponseStatus: Unsupported protocol version '1.18.1'.
[Licensing::Module] Error: Failed to handshake to channel: "LicenseClient-moham"
[Licensing::IpcConnector] LicenseClient-moham channel disconnected successfully.
[Licensing::IpcConnector] Successfully connected to: "LicenseClient-moham-6000.5.6" at "2026-09-27T09:35:19.8124717Z"
[Licensing::Client] Code 10 while verifying Licensing Client signature (process Id: 22292, path: "C:/Program Files/Unity/Hub/Editor/6000.5.6f1/Editor/Data/Resources/Licensing/Client/Unity.Licensing.Client.exe")
[Licensing::Module] LicensingClient has failed validation; ignoring
[Licensing::Client] Handshaking with LicensingClient:
  Version:                 1.18.1+9fbee8e
  Session Id:              87a6cb1ad0be4f92bcaeb69ba705c726
  Correlation Id:          585d39e488b50b09bd8369da1b9a41b0
  External correlation Id: 770602647037926864
  Machine Id:              CggcBLhDli6xer8RWuH3wsPVpWM=
[Licensing::Module] Successfully connected to LicensingClient on channel: "LicenseClient-moham-6000.5.6" (connect: 0.00s, validation: 0.00s, handshake: 0.01s)
[Licensing::IpcConnector] Successfully connected to: "LicenseClient-moham-6000.5.6-notifications" at "2026-09-27T09:35:19.8253245Z"
[Licensing::Module] Licensing Background thread has ended after 1.25s
Native extension for WindowsStandalone target not found
Native extension for WebGL target not found
Package Manager log level set to [2]
[Package Manager] Failed to launch server process. Reason: Unity was launched with the -noUpm command-line argument
[Package Manager] Unable to send message (not connected to server process).
[Package Manager] Cannot connect to Unity Package Manager local server
ScheduleIndexationOnStartup MainProcess:False IndexOnStartup:True
Mono: successfully reloaded assembly
- Finished resetting the current domain, in  0.684 seconds
Domain Reload Profiling: 1355ms
	BeginReloadAssembly (178ms)
	RebuildCommonClasses (6ms)
	RebuildNativeTypeToScriptingClass (20ms)
	initialDomainReloadingComplete (91ms)
	LoadAllAssembliesAndSetupDomain (375ms)
		LoadAssemblies (174ms)
		AnalyzeDomain (283ms)
			TypeCache.Refresh (281ms)
				TypeCache.ScanAssembly (263ms)
	FinalizeReload (686ms)
		SetupLoadedEditorAssemblies (0ms)
			InitializePlatformSupportModulesInManaged (3ms)
			BeforeProcessingInitializeOnLoad (153ms)
			ProcessInitializeOnLoadAttributes (211ms)
			ProcessInitializeOnLoadMethodAttributes (216ms)
Initializing Unity extensions:
[Licensing::Client] Successfully resolved entitlement details
[Licensing::Module] License group:
  Id: 11270698284028-UnityPersXXXX
  Product: Unity Personal
  Type: Assigned
  Expiration: Unlimited
Curl error 3: URL rejected: Malformed input to a URL function
========================================================================
Worker process is ready to serve import requests
Import Worker Mode flag is 0x00
Begin MonoManager ReloadAssembly
Native extension for WindowsStandalone target not found
Native extension for WebGL target not found
[Package Manager] Failed to launch server process. Reason: Unity was launched with the -noUpm command-line argument
[Package Manager] Unable to send message (not connected to server process).
[Package Manager] Cannot connect to Unity Package Manager local server
[Package Manager] Failed to launch server process. Reason: Unity was launched with the -noUpm command-line argument
[Package Manager] Unable to send message (not connected to server process).
[Package Manager] Cannot connect to Unity Package Manager local server
ScheduleIndexationOnStartup MainProcess:False IndexOnStartup:True
Mono: successfully reloaded assembly
- Finished resetting the current domain, in  1.013 seconds
Domain Reload Profiling: 2062ms
	BeginReloadAssembly (234ms)
		DisableScriptedObjects (11ms)
		CreateAndSetChildDomain (36ms)
	RebuildCommonClasses (11ms)
	RebuildNativeTypeToScriptingClass (22ms)
	initialDomainReloadingComplete (75ms)
	LoadAllAssembliesAndSetupDomain (707ms)
		LoadAssemblies (413ms)
		AnalyzeDomain (288ms)
			TypeCache.Refresh (201ms)
				TypeCache.ScanAssembly (185ms)
			BuildScriptInfoCaches (78ms)
			ResolveRequiredComponents (6ms)
	FinalizeReload (1014ms)
		SetupLoadedEditorAssemblies (0ms)
			InitializePlatformSupportModulesInManaged (3ms)
			BeforeProcessingInitializeOnLoad (104ms)
			ProcessInitializeOnLoadAttributes (489ms)
			ProcessInitializeOnLoadMethodAttributes (138ms)
			AfterProcessingInitializeOnLoad (6ms)
		AwakeInstancesAfterBackupRestoration (4ms)
AcceleratorClientConnectionCallback - disconnected - :0
Launched and connected shader compiler UnityShaderCompiler.exe after 0.01 seconds
Unloading 22 Unused Serialized files (Serialized files now loaded: 0)
Curl error 3: URL rejected: Malformed input to a URL function
Unloading 6625 unused Assets / (5.6 MB). Loaded Objects now: 7449.
Memory consumption went from 330.6 MB to 325.0 MB.
Total: 12.831300 ms (FindLiveObjects: 0.953100 ms CreateObjectMapping: 2.679400 ms MarkObjects: 6.071900 ms  DeleteObjects: 3.124300 ms)

========================================================================
Received Prepare
AcceleratorClientConnectionCallback - disconnected - :0
Unloading 22 Unused Serialized files (Serialized files now loaded: 0)
Unloading 22 unused Assets / (2.6 MB). Loaded Objects now: 7449.
Memory consumption went from 323.3 MB to 320.7 MB.
Total: 8.224400 ms (FindLiveObjects: 0.456700 ms CreateObjectMapping: 1.115300 ms MarkObjects: 6.037100 ms  DeleteObjects: 0.613900 ms)

Prepare: number of updated asset objects reloaded= 0
========================================================================
Received Import Request.
  Time of request: 2026-09-27T09:35:39.3249644Z
  Time since last request: 953217.97533319995273 seconds.
  importAddress: GUID: 99c9720ab356a0642a771bea13969a05 - Path: Assets/Scenes/SampleScene.unity - Importer: ScriptedImporter/UnityEditor.QuickSearchModule:UnityEditor.Search:ASIAI0B
Importing 'GUID: 99c9720ab356a0642a771bea13969a05 - Path: Assets/Scenes/SampleScene.unity - Importer: ScriptedImporter/UnityEditor.QuickSearchModule:UnityEditor.Search:ASIAI0B' with importer (ScriptedImporter : UnityEditor.QuickSearchModule:UnityEditor.Search:ASIAI0B)
Imported 'GUID: 99c9720ab356a0642a771bea13969a05' -> (Import Result ID: 'b32339786ef4fd83c11450f447e5ce47') in 0.095 seconds [static and dynamic dependencies]. Details - ImportResultOutputID=0877e2606bea0191bf3ffebdcdd452c8 DependenciesID=b47a1f15608c3e12520b3fb2d55523ff StaticDependenciesID=b1369a557a3e56203c527d3d33a9f19a 
Number of updated asset objects reloaded before import = 0
Number of asset objects unloaded after import = 1
========================================================================
Received Import Request.
  Time of request: 2026-09-27T09:35:39.4377136Z
  Time since last request: 0.000315 seconds.
  importAddress: GUID: f53adee2f85fb7449b31aacea1c4dae7 - Path: Assets/Scripts/RISController.cs - Importer: ScriptedImporter/UnityEditor.QuickSearchModule:UnityEditor.Search:ASIAI0B
Importing 'GUID: f53adee2f85fb7449b31aacea1c4dae7 - Path: Assets/Scripts/RISController.cs - Importer: ScriptedImporter/UnityEditor.QuickSearchModule:UnityEditor.Search:ASIAI0B' with importer (ScriptedImporter : UnityEditor.QuickSearchModule:UnityEditor.Search:ASIAI0B)
Imported 'GUID: f53adee2f85fb7449b31aacea1c4dae7' -> (Import Result ID: 'd0af2f6ec401944e17ba4ca12bfc30c1') in 0.028 seconds [static and dynamic dependencies]. Details - ImportResultOutputID=ba1be7bce7df9869511b13717717dcb3 DependenciesID=9de2e91cb08c771150ed814d753416ad StaticDependenciesID=0f4966bd35c3290070478806475385ce 
Number of updated asset objects reloaded before import = 0
Number of asset objects unloaded after import = 0
========================================================================
Received Import Request.
  Time of request: 2026-09-27T09:51:49.6313495Z
  Time since last request: 970.15398029999994 seconds.
  importAddress: GUID: f53adee2f85fb7449b31aacea1c4dae7 - Path: Assets/Scripts/RISController.cs - Importer: PreviewImporter
Importing 'GUID: f53adee2f85fb7449b31aacea1c4dae7 - Path: Assets/Scripts/RISController.cs - Importer: PreviewImporter' with importer (PreviewImporter)
Imported 'GUID: f53adee2f85fb7449b31aacea1c4dae7' -> (Import Result ID: '2cb5557e461707e79f64cfcf9359523f') in 0.001 seconds [static and dynamic dependencies]. Details - ImportResultOutputID=1b06b52ab2d2c2a74b3cd20235b16ea5 DependenciesID=af4d0d193b5df51f43c9caeaa57df77d StaticDependenciesID=e64fe7dfce398cc5a4e9e319ad5f9b1a 
Number of updated asset objects reloaded before import = 0
Number of asset objects unloaded after import = 0
========================================================================
Received Prepare
AcceleratorClientConnectionCallback - disconnected - :0
Unloading 22 Unused Serialized files (Serialized files now loaded: 0)
Unloading 6610 unused Assets / (7.1 MB). Loaded Objects now: 7451.
Memory consumption went from 332.2 MB to 325.1 MB.
Total: 20.624800 ms (FindLiveObjects: 1.162700 ms CreateObjectMapping: 3.213000 ms MarkObjects: 9.322600 ms  DeleteObjects: 6.924000 ms)

Prepare: number of updated asset objects reloaded= 0
========================================================================
Received Import Request.
  Time of request: 2026-09-27T09:54:37.8103271Z
  Time since last request: 168.16679790000001 seconds.
  importAddress: GUID: f53adee2f85fb7449b31aacea1c4dae7 - Path: Assets/Scripts/RISController.cs - Importer: ScriptedImporter/UnityEditor.QuickSearchModule:UnityEditor.Search:ASIAI0B
Importing 'GUID: f53adee2f85fb7449b31aacea1c4dae7 - Path: Assets/Scripts/RISController.cs - Importer: ScriptedImporter/UnityEditor.QuickSearchModule:UnityEditor.Search:ASIAI0B' with importer (ScriptedImporter : UnityEditor.QuickSearchModule:UnityEditor.Search:ASIAI0B)
Imported 'GUID: f53adee2f85fb7449b31aacea1c4dae7' -> (Import Result ID: '3d1851601f5f1bcb5e9a8711b8c4483b') in 0.004 seconds [static and dynamic dependencies]. Details - ImportResultOutputID=2c38dfe5c4b4d15a9ba7aacaf4b2d55f DependenciesID=c13d910404350378c54a00db0aaa5149 StaticDependenciesID=b8277fb2dd98073ef61653b9cd6c11c9 
Number of updated asset objects reloaded before import = 0
Number of asset objects unloaded after import = 0
========================================================================
Received Prepare
AcceleratorClientConnectionCallback - disconnected - :0
Unloading 22 Unused Serialized files (Serialized files now loaded: 0)
Unloading 6610 unused Assets / (6.3 MB). Loaded Objects now: 7451.
Memory consumption went from 334.3 MB to 328.0 MB.
Total: 20.427200 ms (FindLiveObjects: 1.211000 ms CreateObjectMapping: 3.948800 ms MarkObjects: 9.477200 ms  DeleteObjects: 5.787200 ms)

Prepare: number of updated asset objects reloaded= 0
========================================================================
Received Import Request.
  Time of request: 2026-09-27T09:55:16.5866173Z
  Time since last request: 38.7578351 seconds.
  importAddress: GUID: f53adee2f85fb7449b31aacea1c4dae7 - Path: Assets/Scripts/RISController.cs - Importer: ScriptedImporter/UnityEditor.QuickSearchModule:UnityEditor.Search:ASIAI0B
Importing 'GUID: f53adee2f85fb7449b31aacea1c4dae7 - Path: Assets/Scripts/RISController.cs - Importer: ScriptedImporter/UnityEditor.QuickSearchModule:UnityEditor.Search:ASIAI0B' with importer (ScriptedImporter : UnityEditor.QuickSearchModule:UnityEditor.Search:ASIAI0B)
Imported 'GUID: f53adee2f85fb7449b31aacea1c4dae7' -> (Import Result ID: '815ca0bf26db877954e502a063cdf13c') in 0.009 seconds [static and dynamic dependencies]. Details - ImportResultOutputID=5dffc2954e7934a91a958d4bfc315f82 DependenciesID=61290a22d42e8137797eac38d5ebaa26 StaticDependenciesID=f5e2c75e3f4cd6e4299d2ea91500bac1 
Number of updated asset objects reloaded before import = 0
Number of asset objects unloaded after import = 0
========================================================================
Received Prepare
AcceleratorClientConnectionCallback - disconnected - :0
[Licensing::Client] Successfully resolved entitlement details
Begin MonoManager ReloadAssembly
Native extension for WindowsStandalone target not found
Native extension for WebGL target not found
[Package Manager] Failed to launch server process. Reason: Unity was launched with the -noUpm command-line argument
[Package Manager] Unable to send message (not connected to server process).
[Package Manager] Cannot connect to Unity Package Manager local server
[Package Manager] Failed to launch server process. Reason: Unity was launched with the -noUpm command-line argument
[Package Manager] Unable to send message (not connected to server process).
[Package Manager] Cannot connect to Unity Package Manager local server
ScheduleIndexationOnStartup MainProcess:False IndexOnStartup:True
Mono: successfully reloaded assembly
- Finished resetting the current domain, in  1.077 seconds
Domain Reload Profiling: 2369ms
	BeginReloadAssembly (329ms)
		DisableScriptedObjects (36ms)
		CreateAndSetChildDomain (80ms)
	RebuildCommonClasses (15ms)
	RebuildNativeTypeToScriptingClass (30ms)
	initialDomainReloadingComplete (91ms)
	LoadAllAssembliesAndSetupDomain (826ms)
		LoadAssemblies (480ms)
		AnalyzeDomain (324ms)
			TypeCache.Refresh (12ms)
			BuildScriptInfoCaches (299ms)
			ResolveRequiredComponents (10ms)
	FinalizeReload (1078ms)
		SetupLoadedEditorAssemblies (0ms)
			InitializePlatformSupportModulesInManaged (3ms)
			BeforeProcessingInitializeOnLoad (106ms)
			ProcessInitializeOnLoadAttributes (466ms)
			ProcessInitializeOnLoadMethodAttributes (139ms)
			AfterProcessingInitializeOnLoad (7ms)
		AwakeInstancesAfterBackupRestoration (19ms)
Unloading 22 Unused Serialized files (Serialized files now loaded: 0)
Unloading 6621 unused Assets / (5.9 MB). Loaded Objects now: 7495.
Memory consumption went from 346.9 MB to 341.0 MB.
Total: 14.492300 ms (FindLiveObjects: 1.115300 ms CreateObjectMapping: 2.858700 ms MarkObjects: 6.728300 ms  DeleteObjects: 3.787300 ms)

Prepare: number of updated asset objects reloaded= 0
========================================================================
Received Prepare
AcceleratorClientConnectionCallback - disconnected - :0
[Licensing::Client] Successfully resolved entitlement details
Begin MonoManager ReloadAssembly
Native extension for WindowsStandalone target not found
Native extension for WebGL target not found
[Package Manager] Failed to launch server process. Reason: Unity was launched with the -noUpm command-line argument
[Package Manager] Unable to send message (not connected to server process).
[Package Manager] Cannot connect to Unity Package Manager local server
[Package Manager] Failed to launch server process. Reason: Unity was launched with the -noUpm command-line argument
[Package Manager] Unable to send message (not connected to server process).
[Package Manager] Cannot connect to Unity Package Manager local server
ScheduleIndexationOnStartup MainProcess:False IndexOnStartup:True
Mono: successfully reloaded assembly
- Finished resetting the current domain, in  1.057 seconds
Domain Reload Profiling: 1896ms
	BeginReloadAssembly (284ms)
		DisableScriptedObjects (12ms)
		CreateAndSetChildDomain (76ms)
	RebuildCommonClasses (11ms)
	RebuildNativeTypeToScriptingClass (20ms)
	initialDomainReloadingComplete (75ms)
	LoadAllAssembliesAndSetupDomain (449ms)
		LoadAssemblies (405ms)
		AnalyzeDomain (20ms)
			TypeCache.Refresh (9ms)
			ResolveRequiredComponents (6ms)
	FinalizeReload (1058ms)
		SetupLoadedEditorAssemblies (0ms)
			InitializePlatformSupportModulesInManaged (3ms)
			BeforeProcessingInitializeOnLoad (117ms)
			ProcessInitializeOnLoadAttributes (477ms)
			ProcessInitializeOnLoadMethodAttributes (155ms)
			AfterProcessingInitializeOnLoad (8ms)
		AwakeInstancesAfterBackupRestoration (26ms)
Unloading 22 Unused Serialized files (Serialized files now loaded: 0)
Unloading 6621 unused Assets / (6.0 MB). Loaded Objects now: 7498.
Memory consumption went from 347.8 MB to 341.8 MB.
Total: 14.684500 ms (FindLiveObjects: 1.194800 ms CreateObjectMapping: 2.814200 ms MarkObjects: 6.666800 ms  DeleteObjects: 4.006000 ms)

Prepare: number of updated asset objects reloaded= 0
========================================================================
Received Prepare
AcceleratorClientConnectionCallback - disconnected - :0
Begin MonoManager ReloadAssembly
Native extension for WindowsStandalone target not found
Native extension for WebGL target not found
[Package Manager] Failed to launch server process. Reason: Unity was launched with the -noUpm command-line argument
[Package Manager] Unable to send message (not connected to server process).
[Package Manager] Cannot connect to Unity Package Manager local server
[Package Manager] Failed to launch server process. Reason: Unity was launched with the -noUpm command-line argument
[Package Manager] Unable to send message (not connected to server process).
[Package Manager] Cannot connect to Unity Package Manager local server
ScheduleIndexationOnStartup MainProcess:False IndexOnStartup:True
Mono: successfully reloaded assembly
- Finished resetting the current domain, in  1.138 seconds
Domain Reload Profiling: 2015ms
	BeginReloadAssembly (312ms)
		DisableScriptedObjects (37ms)
		CreateAndSetChildDomain (75ms)
	RebuildCommonClasses (12ms)
	RebuildNativeTypeToScriptingClass (21ms)
	initialDomainReloadingComplete (82ms)
	LoadAllAssembliesAndSetupDomain (449ms)
		LoadAssemblies (414ms)
		AnalyzeDomain (19ms)
			TypeCache.Refresh (9ms)
			ResolveRequiredComponents (6ms)
	FinalizeReload (1139ms)
		SetupLoadedEditorAssemblies (0ms)
			InitializePlatformSupportModulesInManaged (3ms)
			BeforeProcessingInitializeOnLoad (108ms)
			ProcessInitializeOnLoadAttributes (535ms)
			ProcessInitializeOnLoadMethodAttributes (179ms)
			AfterProcessingInitializeOnLoad (9ms)
		AwakeInstancesAfterBackupRestoration (33ms)
Unloading 22 Unused Serialized files (Serialized files now loaded: 0)
Unloading 6621 unused Assets / (6.1 MB). Loaded Objects now: 7501.
Memory consumption went from 350.0 MB to 343.8 MB.
Total: 18.561800 ms (FindLiveObjects: 1.380000 ms CreateObjectMapping: 3.215200 ms MarkObjects: 8.223100 ms  DeleteObjects: 5.741300 ms)

Prepare: number of updated asset objects reloaded= 0
========================================================================
Received Prepare
AcceleratorClientConnectionCallback - disconnected - :0
Unloading 22 Unused Serialized files (Serialized files now loaded: 0)
Unloading 6610 unused Assets / (6.2 MB). Loaded Objects now: 7501.
Memory consumption went from 352.2 MB to 346.0 MB.
Total: 17.893800 ms (FindLiveObjects: 1.425200 ms CreateObjectMapping: 4.184600 ms MarkObjects: 6.648900 ms  DeleteObjects: 5.633200 ms)

Prepare: number of updated asset objects reloaded= 0
========================================================================
Received Prepare
AcceleratorClientConnectionCallback - disconnected - :0
[Licensing::Client] Successfully resolved entitlement details
Begin MonoManager ReloadAssembly
Refreshing native plugins compatible for Editor in 2.06 ms, found 4 plugins.
Native extension for WindowsStandalone target not found
Native extension for WebGL target not found
[Package Manager] Failed to launch server process. Reason: Unity was launched with the -noUpm command-line argument
[Package Manager] Unable to send message (not connected to server process).
[Package Manager] Cannot connect to Unity Package Manager local server
[Package Manager] Failed to launch server process. Reason: Unity was launched with the -noUpm command-line argument
[Package Manager] Unable to send message (not connected to server process).
[Package Manager] Cannot connect to Unity Package Manager local server
ScheduleIndexationOnStartup MainProcess:False IndexOnStartup:True
Mono: successfully reloaded assembly
- Finished resetting the current domain, in  1.326 seconds
Domain Reload Profiling: 2571ms
	BeginReloadAssembly (329ms)
		DisableScriptedObjects (22ms)
		CreateAndSetChildDomain (76ms)
	RebuildCommonClasses (13ms)
	RebuildNativeTypeToScriptingClass (30ms)
	initialDomainReloadingComplete (85ms)
	LoadAllAssembliesAndSetupDomain (786ms)
		LoadAssemblies (488ms)
		AnalyzeDomain (264ms)
			TypeCache.Refresh (13ms)
			BuildScriptInfoCaches (243ms)
			ResolveRequiredComponents (6ms)
	FinalizeReload (1328ms)
		SetupLoadedEditorAssemblies (0ms)
			InitializePlatformSupportModulesInManaged (4ms)
			BeforeProcessingInitializeOnLoad (151ms)
			ProcessInitializeOnLoadAttributes (618ms)
			ProcessInitializeOnLoadMethodAttributes (179ms)
			AfterProcessingInitializeOnLoad (9ms)
		AwakeInstancesAfterBackupRestoration (34ms)
Unloading 22 Unused Serialized files (Serialized files now loaded: 0)
Unloading 6621 unused Assets / (5.7 MB). Loaded Objects now: 7504.
Memory consumption went from 360.6 MB to 354.9 MB.
Total: 18.740100 ms (FindLiveObjects: 1.565500 ms CreateObjectMapping: 3.341800 ms MarkObjects: 8.808700 ms  DeleteObjects: 5.021500 ms)

Prepare: number of updated asset objects reloaded= 0
========================================================================
Received Prepare
AcceleratorClientConnectionCallback - disconnected - :0
Begin MonoManager ReloadAssembly
Native extension for WindowsStandalone target not found
Native extension for WebGL target not found
[Package Manager] Failed to launch server process. Reason: Unity was launched with the -noUpm command-line argument
[Package Manager] Unable to send message (not connected to server process).
[Package Manager] Cannot connect to Unity Package Manager local server
[Package Manager] Failed to launch server process. Reason: Unity was launched with the -noUpm command-line argument
[Package Manager] Unable to send message (not connected to server process).
[Package Manager] Cannot connect to Unity Package Manager local server
ScheduleIndexationOnStartup MainProcess:False IndexOnStartup:True
Mono: successfully reloaded assembly
- Finished resetting the current domain, in  1.067 seconds
Domain Reload Profiling: 1948ms
	BeginReloadAssembly (316ms)
		DisableScriptedObjects (48ms)
		CreateAndSetChildDomain (76ms)
	RebuildCommonClasses (12ms)
	RebuildNativeTypeToScriptingClass (20ms)
	initialDomainReloadingComplete (74ms)
	LoadAllAssembliesAndSetupDomain (457ms)
		LoadAssemblies (411ms)
		AnalyzeDomain (19ms)
			TypeCache.Refresh (8ms)
			ResolveRequiredComponents (6ms)
	FinalizeReload (1069ms)
		SetupLoadedEditorAssemblies (0ms)
			InitializePlatformSupportModulesInManaged (3ms)
			BeforeProcessingInitializeOnLoad (109ms)
			ProcessInitializeOnLoadAttributes (484ms)
			ProcessInitializeOnLoadMethodAttributes (149ms)
			AfterProcessingInitializeOnLoad (7ms)
		AwakeInstancesAfterBackupRestoration (24ms)
Unloading 22 Unused Serialized files (Serialized files now loaded: 0)
Unloading 6621 unused Assets / (5.7 MB). Loaded Objects now: 7507.
Memory consumption went from 361.9 MB to 356.2 MB.
Total: 15.587000 ms (FindLiveObjects: 1.166600 ms CreateObjectMapping: 3.033700 ms MarkObjects: 7.941400 ms  DeleteObjects: 3.442900 ms)

Prepare: number of updated asset objects reloaded= 0
========================================================================
Received Prepare
AcceleratorClientConnectionCallback - disconnected - :0
[Licensing::Client] Successfully resolved entitlement details
Begin MonoManager ReloadAssembly
Native extension for WindowsStandalone target not found
Native extension for WebGL target not found
[Package Manager] Failed to launch server process. Reason: Unity was launched with the -noUpm command-line argument
[Package Manager] Unable to send message (not connected to server process).
[Package Manager] Cannot connect to Unity Package Manager local server
[Package Manager] Failed to launch server process. Reason: Unity was launched with the -noUpm command-line argument
[Package Manager] Unable to send message (not connected to server process).
[Package Manager] Cannot connect to Unity Package Manager local server
ScheduleIndexationOnStartup MainProcess:False IndexOnStartup:True
Mono: successfully reloaded assembly
- Finished resetting the current domain, in  1.086 seconds
Domain Reload Profiling: 1943ms
	BeginReloadAssembly (295ms)
		DisableScriptedObjects (24ms)
		CreateAndSetChildDomain (76ms)
	RebuildCommonClasses (11ms)
	RebuildNativeTypeToScriptingClass (20ms)
	initialDomainReloadingComplete (71ms)
	LoadAllAssembliesAndSetupDomain (457ms)
		LoadAssemblies (414ms)
		AnalyzeDomain (19ms)
			TypeCache.Refresh (8ms)
			ResolveRequiredComponents (6ms)
	FinalizeReload (1087ms)
		SetupLoadedEditorAssemblies (0ms)
			InitializePlatformSupportModulesInManaged (3ms)
			BeforeProcessingInitializeOnLoad (120ms)
			ProcessInitializeOnLoadAttributes (504ms)
			ProcessInitializeOnLoadMethodAttributes (155ms)
			AfterProcessingInitializeOnLoad (8ms)
		AwakeInstancesAfterBackupRestoration (28ms)
Unloading 22 Unused Serialized files (Serialized files now loaded: 0)
Unloading 6621 unused Assets / (6.0 MB). Loaded Objects now: 7510.
Memory consumption went from 364.0 MB to 358.0 MB.
Total: 15.605900 ms (FindLiveObjects: 1.019500 ms CreateObjectMapping: 2.623700 ms MarkObjects: 7.191900 ms  DeleteObjects: 4.768100 ms)

Prepare: number of updated asset objects reloaded= 0
========================================================================
Received Import Request.
  Time of request: 2026-09-27T10:57:45.390539Z
  Time since last request: 3748.77877189999981 seconds.
  importAddress: GUID: f53adee2f85fb7449b31aacea1c4dae7 - Path: Assets/Scripts/RISController.cs - Importer: ScriptedImporter/UnityEditor.QuickSearchModule:UnityEditor.Search:ASIAI0B
Importing 'GUID: f53adee2f85fb7449b31aacea1c4dae7 - Path: Assets/Scripts/RISController.cs - Importer: ScriptedImporter/UnityEditor.QuickSearchModule:UnityEditor.Search:ASIAI0B' with importer (ScriptedImporter : UnityEditor.QuickSearchModule:UnityEditor.Search:ASIAI0B)
Imported 'GUID: f53adee2f85fb7449b31aacea1c4dae7' -> (Import Result ID: 'e7411fd1018e486cef567602bfd7b1af') in 0.134 seconds [static and dynamic dependencies]. Details - ImportResultOutputID=e40ddbc4fc802e4da848aa701c27c0f2 DependenciesID=341129d8f83ba0e2762cbe8a8a8c2b4a StaticDependenciesID=915a263bf499c9d9abf23f260497dbe6 
Number of updated asset objects reloaded before import = 0
Number of asset objects unloaded after import = 0
========================================================================
Received Prepare
AcceleratorClientConnectionCallback - disconnected - :0
Unloading 22 Unused Serialized files (Serialized files now loaded: 0)
Unloading 6611 unused Assets / (5.3 MB). Loaded Objects now: 7511.
Memory consumption went from 365.0 MB to 359.6 MB.
Total: 14.759600 ms (FindLiveObjects: 1.048300 ms CreateObjectMapping: 2.737500 ms MarkObjects: 7.000300 ms  DeleteObjects: 3.972100 ms)

Prepare: number of updated asset objects reloaded= 0
========================================================================
Received Import Request.
  Time of request: 2026-09-27T10:58:18.9399602Z
  Time since last request: 33.4005941 seconds.
  importAddress: GUID: f90a001dfd54f5240aae05e9b06276f2 - Path: Assets/Scripts/RISSignalModel.cs - Importer: PreviewImporter
Importing 'GUID: f90a001dfd54f5240aae05e9b06276f2 - Path: Assets/Scripts/RISSignalModel.cs - Importer: PreviewImporter' with importer (PreviewImporter)
Imported 'GUID: f90a001dfd54f5240aae05e9b06276f2' -> (Import Result ID: '74deeee599b8ab42c0cfa2a417230f56') in 0.012 seconds [static and dynamic dependencies]. Details - ImportResultOutputID=828d21bd08a81de8fb11ba60ad8b5bb0 DependenciesID=9445d0e2ddeac7a38e8d6e38926afdb3 StaticDependenciesID=5bde4c5ad77ae33b0550af7ef5417a9f 
Number of updated asset objects reloaded before import = 0
Number of asset objects unloaded after import = 0
========================================================================
Received Import Request.
  Time of request: 2026-09-27T10:58:19.3141472Z
  Time since last request: 0.3501169 seconds.
  importAddress: GUID: f90a001dfd54f5240aae05e9b06276f2 - Path: Assets/Scripts/RISSignalModel.cs - Importer: ScriptedImporter/UnityEditor.QuickSearchModule:UnityEditor.Search:ASIAI0B
Importing 'GUID: f90a001dfd54f5240aae05e9b06276f2 - Path: Assets/Scripts/RISSignalModel.cs - Importer: ScriptedImporter/UnityEditor.QuickSearchModule:UnityEditor.Search:ASIAI0B' with importer (ScriptedImporter : UnityEditor.QuickSearchModule:UnityEditor.Search:ASIAI0B)
Imported 'GUID: f90a001dfd54f5240aae05e9b06276f2' -> (Import Result ID: '52de8c0db8102df9a305c7a9bf9ef42d') in 0.006 seconds [static and dynamic dependencies]. Details - ImportResultOutputID=533ef96574e4f678d34c2cb019d6da7c DependenciesID=32d7c6286e9bee723a008c1432b84bd7 StaticDependenciesID=e4843590a6051ee01134a3f8462dda92 
Number of updated asset objects reloaded before import = 0
Number of asset objects unloaded after import = 0
========================================================================
Received Prepare
AcceleratorClientConnectionCallback - disconnected - :0
[Licensing::Client] Successfully resolved entitlement details
Begin MonoManager ReloadAssembly
Native extension for WindowsStandalone target not found
Native extension for WebGL target not found
[Package Manager] Failed to launch server process. Reason: Unity was launched with the -noUpm command-line argument
[Package Manager] Unable to send message (not connected to server process).
[Package Manager] Cannot connect to Unity Package Manager local server
[Package Manager] Failed to launch server process. Reason: Unity was launched with the -noUpm command-line argument
[Package Manager] Unable to send message (not connected to server process).
[Package Manager] Cannot connect to Unity Package Manager local server
ScheduleIndexationOnStartup MainProcess:False IndexOnStartup:True
Mono: successfully reloaded assembly
- Finished resetting the current domain, in  1.208 seconds
Domain Reload Profiling: 2319ms
	BeginReloadAssembly (300ms)
		DisableScriptedObjects (12ms)
		CreateAndSetChildDomain (84ms)
	RebuildCommonClasses (12ms)
	RebuildNativeTypeToScriptingClass (20ms)
	initialDomainReloadingComplete (81ms)
	LoadAllAssembliesAndSetupDomain (696ms)
		LoadAssemblies (425ms)
		AnalyzeDomain (254ms)
			TypeCache.Refresh (13ms)
			BuildScriptInfoCaches (233ms)
			ResolveRequiredComponents (7ms)
	FinalizeReload (1209ms)
		SetupLoadedEditorAssemblies (0ms)
			InitializePlatformSupportModulesInManaged (5ms)
			BeforeProcessingInitializeOnLoad (133ms)
			ProcessInitializeOnLoadAttributes (531ms)
			ProcessInitializeOnLoadMethodAttributes (157ms)
			AfterProcessingInitializeOnLoad (8ms)
		AwakeInstancesAfterBackupRestoration (30ms)
Unloading 22 Unused Serialized files (Serialized files now loaded: 0)
Unloading 6622 unused Assets / (5.9 MB). Loaded Objects now: 7514.
Memory consumption went from 361.0 MB to 355.1 MB.
Total: 16.660500 ms (FindLiveObjects: 1.108100 ms CreateObjectMapping: 3.074400 ms MarkObjects: 7.500800 ms  DeleteObjects: 4.975000 ms)

Prepare: number of updated asset objects reloaded= 0
========================================================================
Received Prepare
AcceleratorClientConnectionCallback - disconnected - :0
Refreshing native plugins compatible for Editor in 2.31 ms, found 4 plugins.
Unloading 22 Unused Serialized files (Serialized files now loaded: 0)
Unloading 6611 unused Assets / (6.4 MB). Loaded Objects now: 7514.
Memory consumption went from 363.1 MB to 356.8 MB.
Total: 22.212900 ms (FindLiveObjects: 1.252800 ms CreateObjectMapping: 4.007900 ms MarkObjects: 9.885000 ms  DeleteObjects: 7.064900 ms)

Prepare: number of updated asset objects reloaded= 0
========================================================================
Received Prepare
AcceleratorClientConnectionCallback - disconnected - :0
[Licensing::Client] Successfully resolved entitlement details
Begin MonoManager ReloadAssembly
Native extension for WindowsStandalone target not found
Native extension for WebGL target not found
[Package Manager] Failed to launch server process. Reason: Unity was launched with the -noUpm command-line argument
[Package Manager] Unable to send message (not connected to server process).
[Package Manager] Cannot connect to Unity Package Manager local server
[Package Manager] Failed to launch server process. Reason: Unity was launched with the -noUpm command-line argument
[Package Manager] Unable to send message (not connected to server process).
[Package Manager] Cannot connect to Unity Package Manager local server
ScheduleIndexationOnStartup MainProcess:False IndexOnStartup:True
Mono: successfully reloaded assembly
- Finished resetting the current domain, in  1.394 seconds
Domain Reload Profiling: 2657ms
	BeginReloadAssembly (342ms)
		DisableScriptedObjects (12ms)
		CreateAndSetChildDomain (98ms)
	RebuildCommonClasses (12ms)
	RebuildNativeTypeToScriptingClass (23ms)
	initialDomainReloadingComplete (95ms)
	LoadAllAssembliesAndSetupDomain (790ms)
		LoadAssemblies (486ms)
		AnalyzeDomain (268ms)
			TypeCache.Refresh (14ms)
			BuildScriptInfoCaches (245ms)
			ResolveRequiredComponents (6ms)
	FinalizeReload (1396ms)
		SetupLoadedEditorAssemblies (0ms)
			InitializePlatformSupportModulesInManaged (5ms)
			BeforeProcessingInitializeOnLoad (155ms)
			ProcessInitializeOnLoadAttributes (615ms)
			ProcessInitializeOnLoadMethodAttributes (188ms)
			AfterProcessingInitializeOnLoad (10ms)
		AwakeInstancesAfterBackupRestoration (34ms)
Refreshing native plugins compatible for Editor in 2.56 ms, found 4 plugins.
Unloading 22 Unused Serialized files (Serialized files now loaded: 0)
Unloading 6622 unused Assets / (6.0 MB). Loaded Objects now: 7517.
Memory consumption went from 367.8 MB to 361.8 MB.
Total: 19.160300 ms (FindLiveObjects: 1.445400 ms CreateObjectMapping: 3.677800 ms MarkObjects: 8.882200 ms  DeleteObjects: 5.153000 ms)

Prepare: number of updated asset objects reloaded= 0
========================================================================
Received Prepare
AcceleratorClientConnectionCallback - disconnected - :0
Unloading 22 Unused Serialized files (Serialized files now loaded: 0)
Unloading 6611 unused Assets / (6.0 MB). Loaded Objects now: 7517.
Memory consumption went from 370.0 MB to 364.1 MB.
Total: 15.860800 ms (FindLiveObjects: 1.075700 ms CreateObjectMapping: 2.501100 ms MarkObjects: 6.947800 ms  DeleteObjects: 5.334800 ms)

Prepare: number of updated asset objects reloaded= 0
========================================================================
Received Prepare
AcceleratorClientConnectionCallback - disconnected - :0
[Licensing::Client] Successfully resolved entitlement details
Begin MonoManager ReloadAssembly
Native extension for WindowsStandalone target not found
Native extension for WebGL target not found
[Package Manager] Failed to launch server process. Reason: Unity was launched with the -noUpm command-line argument
[Package Manager] Unable to send message (not connected to server process).
[Package Manager] Cannot connect to Unity Package Manager local server
[Package Manager] Failed to launch server process. Reason: Unity was launched with the -noUpm command-line argument
[Package Manager] Unable to send message (not connected to server process).
[Package Manager] Cannot connect to Unity Package Manager local server
ScheduleIndexationOnStartup MainProcess:False IndexOnStartup:True
Mono: successfully reloaded assembly
- Finished resetting the current domain, in  1.050 seconds
Domain Reload Profiling: 2471ms
	BeginReloadAssembly (371ms)
		DisableScriptedObjects (16ms)
		CreateAndSetChildDomain (100ms)
	RebuildCommonClasses (16ms)
	RebuildNativeTypeToScriptingClass (30ms)
	initialDomainReloadingComplete (101ms)
	LoadAllAssembliesAndSetupDomain (901ms)
		LoadAssemblies (526ms)
		AnalyzeDomain (342ms)
			TypeCache.Refresh (15ms)
			BuildScriptInfoCaches (315ms)
			ResolveRequiredComponents (10ms)
	FinalizeReload (1051ms)
		SetupLoadedEditorAssemblies (0ms)
			InitializePlatformSupportModulesInManaged (3ms)
			BeforeProcessingInitializeOnLoad (111ms)
			ProcessInitializeOnLoadAttributes (469ms)
			ProcessInitializeOnLoadMethodAttributes (147ms)
			AfterProcessingInitializeOnLoad (11ms)
		AwakeInstancesAfterBackupRestoration (28ms)
Unloading 22 Unused Serialized files (Serialized files now loaded: 0)
Unloading 6622 unused Assets / (6.1 MB). Loaded Objects now: 7520.
Memory consumption went from 375.2 MB to 369.1 MB.
Total: 14.831400 ms (FindLiveObjects: 1.025500 ms CreateObjectMapping: 2.896900 ms MarkObjects: 6.846700 ms  DeleteObjects: 4.060500 ms)

Prepare: number of updated asset objects reloaded= 0
========================================================================
Received Prepare
AcceleratorClientConnectionCallback - disconnected - :0
Begin MonoManager ReloadAssembly
Native extension for WindowsStandalone target not found
Native extension for WebGL target not found
[Package Manager] Failed to launch server process. Reason: Unity was launched with the -noUpm command-line argument
[Package Manager] Unable to send message (not connected to server process).
[Package Manager] Cannot connect to Unity Package Manager local server
[Package Manager] Failed to launch server process. Reason: Unity was launched with the -noUpm command-line argument
[Package Manager] Unable to send message (not connected to server process).
[Package Manager] Cannot connect to Unity Package Manager local server
ScheduleIndexationOnStartup MainProcess:False IndexOnStartup:True
Mono: successfully reloaded assembly
- Finished resetting the current domain, in  1.137 seconds
Domain Reload Profiling: 1989ms
	BeginReloadAssembly (287ms)
		DisableScriptedObjects (14ms)
		CreateAndSetChildDomain (77ms)
	RebuildCommonClasses (11ms)
	RebuildNativeTypeToScriptingClass (20ms)
	initialDomainReloadingComplete (73ms)
	LoadAllAssembliesAndSetupDomain (459ms)
		LoadAssemblies (415ms)
		AnalyzeDomain (24ms)
			TypeCache.Refresh (10ms)
			ResolveRequiredComponents (8ms)
	FinalizeReload (1139ms)
		SetupLoadedEditorAssemblies (0ms)
			InitializePlatformSupportModulesInManaged (4ms)
			BeforeProcessingInitializeOnLoad (140ms)
			ProcessInitializeOnLoadAttributes (529ms)
			ProcessInitializeOnLoadMethodAttributes (149ms)
			AfterProcessingInitializeOnLoad (7ms)
		AwakeInstancesAfterBackupRestoration (24ms)
Unloading 22 Unused Serialized files (Serialized files now loaded: 0)
Unloading 6622 unused Assets / (5.9 MB). Loaded Objects now: 7523.
Memory consumption went from 377.1 MB to 371.2 MB.
Total: 14.662300 ms (FindLiveObjects: 1.166300 ms CreateObjectMapping: 2.431400 ms MarkObjects: 6.618100 ms  DeleteObjects: 4.443900 ms)

Prepare: number of updated asset objects reloaded= 0
========================================================================
Received Prepare
AcceleratorClientConnectionCallback - disconnected - :0
Unloading 22 Unused Serialized files (Serialized files now loaded: 0)
Unloading 6611 unused Assets / (6.1 MB). Loaded Objects now: 7523.
Memory consumption went from 379.3 MB to 373.2 MB.
Total: 18.670600 ms (FindLiveObjects: 1.500100 ms CreateObjectMapping: 3.955000 ms MarkObjects: 7.678100 ms  DeleteObjects: 5.535100 ms)

Prepare: number of updated asset objects reloaded= 0
========================================================================
Received Prepare
AcceleratorClientConnectionCallback - disconnected - :0
[Licensing::Client] Successfully resolved entitlement details
Begin MonoManager ReloadAssembly
Native extension for WindowsStandalone target not found
Native extension for WebGL target not found
[Package Manager] Failed to launch server process. Reason: Unity was launched with the -noUpm command-line argument
[Package Manager] Unable to send message (not connected to server process).
[Package Manager] Cannot connect to Unity Package Manager local server
[Package Manager] Failed to launch server process. Reason: Unity was launched with the -noUpm command-line argument
[Package Manager] Unable to send message (not connected to server process).
[Package Manager] Cannot connect to Unity Package Manager local server
ScheduleIndexationOnStartup MainProcess:False IndexOnStartup:True
Mono: successfully reloaded assembly
- Finished resetting the current domain, in  1.356 seconds
Domain Reload Profiling: 2764ms
	BeginReloadAssembly (392ms)
		DisableScriptedObjects (32ms)
		CreateAndSetChildDomain (88ms)
	RebuildCommonClasses (16ms)
	RebuildNativeTypeToScriptingClass (32ms)
	initialDomainReloadingComplete (93ms)
	LoadAllAssembliesAndSetupDomain (873ms)
		LoadAssemblies (515ms)
		AnalyzeDomain (349ms)
			TypeCache.Refresh (14ms)
			BuildScriptInfoCaches (323ms)
			ResolveRequiredComponents (9ms)
	FinalizeReload (1358ms)
		SetupLoadedEditorAssemblies (0ms)
			InitializePlatformSupportModulesInManaged (4ms)
			BeforeProcessingInitializeOnLoad (147ms)
			ProcessInitializeOnLoadAttributes (628ms)
			ProcessInitializeOnLoadMethodAttributes (186ms)
			AfterProcessingInitializeOnLoad (9ms)
		AwakeInstancesAfterBackupRestoration (35ms)
Unloading 22 Unused Serialized files (Serialized files now loaded: 0)
Unloading 6622 unused Assets / (5.9 MB). Loaded Objects now: 7526.
Memory consumption went from 386.2 MB to 380.3 MB.
Total: 21.094700 ms (FindLiveObjects: 1.570200 ms CreateObjectMapping: 4.417900 ms MarkObjects: 9.027700 ms  DeleteObjects: 6.075600 ms)

Prepare: number of updated asset objects reloaded= 0
========================================================================
Received Prepare
AcceleratorClientConnectionCallback - disconnected - :0
Begin MonoManager ReloadAssembly
Native extension for WindowsStandalone target not found
Native extension for WebGL target not found
[Package Manager] Failed to launch server process. Reason: Unity was launched with the -noUpm command-line argument
[Package Manager] Unable to send message (not connected to server process).
[Package Manager] Cannot connect to Unity Package Manager local server
[Package Manager] Failed to launch server process. Reason: Unity was launched with the -noUpm command-line argument
[Package Manager] Unable to send message (not connected to server process).
[Package Manager] Cannot connect to Unity Package Manager local server
ScheduleIndexationOnStartup MainProcess:False IndexOnStartup:True
Mono: successfully reloaded assembly
- Finished resetting the current domain, in  1.196 seconds
Domain Reload Profiling: 2059ms
	BeginReloadAssembly (288ms)
		DisableScriptedObjects (12ms)
		CreateAndSetChildDomain (75ms)
	RebuildCommonClasses (12ms)
	RebuildNativeTypeToScriptingClass (23ms)
	initialDomainReloadingComplete (73ms)
	LoadAllAssembliesAndSetupDomain (464ms)
		LoadAssemblies (424ms)
		AnalyzeDomain (24ms)
			TypeCache.Refresh (11ms)
			ResolveRequiredComponents (7ms)
	FinalizeReload (1198ms)
		SetupLoadedEditorAssemblies (0ms)
			InitializePlatformSupportModulesInManaged (3ms)
			BeforeProcessingInitializeOnLoad (113ms)
			ProcessInitializeOnLoadAttributes (575ms)
			ProcessInitializeOnLoadMethodAttributes (181ms)
			AfterProcessingInitializeOnLoad (9ms)
		AwakeInstancesAfterBackupRestoration (37ms)
Refreshing native plugins compatible for Editor in 2.32 ms, found 4 plugins.
Unloading 22 Unused Serialized files (Serialized files now loaded: 0)
Unloading 6622 unused Assets / (6.1 MB). Loaded Objects now: 7529.
Memory consumption went from 387.3 MB to 381.2 MB.
Total: 20.584900 ms (FindLiveObjects: 1.617800 ms CreateObjectMapping: 3.654300 ms MarkObjects: 9.082000 ms  DeleteObjects: 6.228100 ms)

Prepare: number of updated asset objects reloaded= 0
========================================================================
Received Prepare
AcceleratorClientConnectionCallback - disconnected - :0
Unloading 22 Unused Serialized files (Serialized files now loaded: 0)
Unloading 6611 unused Assets / (5.9 MB). Loaded Objects now: 7529.
Memory consumption went from 389.5 MB to 383.6 MB.
Total: 19.167900 ms (FindLiveObjects: 1.477400 ms CreateObjectMapping: 3.399200 ms MarkObjects: 9.105100 ms  DeleteObjects: 5.184100 ms)

Prepare: number of updated asset objects reloaded= 0
========================================================================
Received Prepare
AcceleratorClientConnectionCallback - disconnected - :0
[Licensing::Client] Successfully resolved entitlement details
Begin MonoManager ReloadAssembly
Native extension for WindowsStandalone target not found
Native extension for WebGL target not found
[Package Manager] Failed to launch server process. Reason: Unity was launched with the -noUpm command-line argument
[Package Manager] Unable to send message (not connected to server process).
[Package Manager] Cannot connect to Unity Package Manager local server
[Package Manager] Failed to launch server process. Reason: Unity was launched with the -noUpm command-line argument
[Package Manager] Unable to send message (not connected to server process).
[Package Manager] Cannot connect to Unity Package Manager local server
ScheduleIndexationOnStartup MainProcess:False IndexOnStartup:True
Mono: successfully reloaded assembly
- Finished resetting the current domain, in  1.348 seconds
Domain Reload Profiling: 2588ms
	BeginReloadAssembly (334ms)
		DisableScriptedObjects (13ms)
		CreateAndSetChildDomain (86ms)
	RebuildCommonClasses (13ms)
	RebuildNativeTypeToScriptingClass (28ms)
	initialDomainReloadingComplete (90ms)
	LoadAllAssembliesAndSetupDomain (773ms)
		LoadAssemblies (477ms)
		AnalyzeDomain (279ms)
			TypeCache.Refresh (12ms)
			BuildScriptInfoCaches (255ms)
			ResolveRequiredComponents (10ms)
	FinalizeReload (1349ms)
		SetupLoadedEditorAssemblies (0ms)
			InitializePlatformSupportModulesInManaged (4ms)
			BeforeProcessingInitializeOnLoad (143ms)
			ProcessInitializeOnLoadAttributes (636ms)
			ProcessInitializeOnLoadMethodAttributes (191ms)
			AfterProcessingInitializeOnLoad (9ms)
		AwakeInstancesAfterBackupRestoration (32ms)
Unloading 22 Unused Serialized files (Serialized files now loaded: 0)
Unloading 6622 unused Assets / (6.4 MB). Loaded Objects now: 7532.
Memory consumption went from 397.7 MB to 391.3 MB.
Total: 19.206200 ms (FindLiveObjects: 1.336400 ms CreateObjectMapping: 3.352900 ms MarkObjects: 8.116900 ms  DeleteObjects: 6.397800 ms)

Prepare: number of updated asset objects reloaded= 0
========================================================================
Received Prepare
AcceleratorClientConnectionCallback - disconnected - :0
Begin MonoManager ReloadAssembly
Native extension for WindowsStandalone target not found
Native extension for WebGL target not found
[Package Manager] Failed to launch server process. Reason: Unity was launched with the -noUpm command-line argument
[Package Manager] Unable to send message (not connected to server process).
[Package Manager] Cannot connect to Unity Package Manager local server
[Package Manager] Failed to launch server process. Reason: Unity was launched with the -noUpm command-line argument
[Package Manager] Unable to send message (not connected to server process).
[Package Manager] Cannot connect to Unity Package Manager local server
ScheduleIndexationOnStartup MainProcess:False IndexOnStartup:True
Mono: successfully reloaded assembly
- Finished resetting the current domain, in  1.065 seconds
Domain Reload Profiling: 1952ms
	BeginReloadAssembly (329ms)
		DisableScriptedObjects (54ms)
		CreateAndSetChildDomain (81ms)
	RebuildCommonClasses (12ms)
	RebuildNativeTypeToScriptingClass (22ms)
	initialDomainReloadingComplete (76ms)
	LoadAllAssembliesAndSetupDomain (448ms)
		LoadAssemblies (408ms)
		AnalyzeDomain (20ms)
			TypeCache.Refresh (9ms)
			ResolveRequiredComponents (6ms)
	FinalizeReload (1066ms)
		SetupLoadedEditorAssemblies (0ms)
			InitializePlatformSupportModulesInManaged (3ms)
			BeforeProcessingInitializeOnLoad (114ms)
			ProcessInitializeOnLoadAttributes (486ms)
			ProcessInitializeOnLoadMethodAttributes (152ms)
			AfterProcessingInitializeOnLoad (7ms)
		AwakeInstancesAfterBackupRestoration (27ms)
Unloading 22 Unused Serialized files (Serialized files now loaded: 0)
Unloading 6622 unused Assets / (5.9 MB). Loaded Objects now: 7535.
Memory consumption went from 398.7 MB to 392.8 MB.
Total: 15.487800 ms (FindLiveObjects: 1.119500 ms CreateObjectMapping: 3.098700 ms MarkObjects: 6.735100 ms  DeleteObjects: 4.532600 ms)

Prepare: number of updated asset objects reloaded= 0
========================================================================
Received Prepare
AcceleratorClientConnectionCallback - disconnected - :0
Unloading 22 Unused Serialized files (Serialized files now loaded: 0)
Unloading 6611 unused Assets / (6.2 MB). Loaded Objects now: 7535.
Memory consumption went from 400.9 MB to 394.7 MB.
Total: 17.922300 ms (FindLiveObjects: 1.494200 ms CreateObjectMapping: 4.002200 ms MarkObjects: 7.018900 ms  DeleteObjects: 5.403600 ms)

Prepare: number of updated asset objects reloaded= 0
========================================================================
Received Prepare
AcceleratorClientConnectionCallback - disconnected - :0
[Licensing::Client] Successfully resolved entitlement details
Begin MonoManager ReloadAssembly
Native extension for WindowsStandalone target not found
Native extension for WebGL target not found
[Package Manager] Failed to launch server process. Reason: Unity was launched with the -noUpm command-line argument
[Package Manager] Unable to send message (not connected to server process).
[Package Manager] Cannot connect to Unity Package Manager local server
[Package Manager] Failed to launch server process. Reason: Unity was launched with the -noUpm command-line argument
[Package Manager] Unable to send message (not connected to server process).
[Package Manager] Cannot connect to Unity Package Manager local server
ScheduleIndexationOnStartup MainProcess:False IndexOnStartup:True
Mono: successfully reloaded assembly
- Finished resetting the current domain, in  1.066 seconds
Domain Reload Profiling: 2321ms
	BeginReloadAssembly (376ms)
		DisableScriptedObjects (50ms)
		CreateAndSetChildDomain (89ms)
	RebuildCommonClasses (14ms)
	RebuildNativeTypeToScriptingClass (27ms)
	initialDomainReloadingComplete (92ms)
	LoadAllAssembliesAndSetupDomain (744ms)
		LoadAssemblies (455ms)
		AnalyzeDomain (252ms)
			TypeCache.Refresh (12ms)
			BuildScriptInfoCaches (232ms)
			ResolveRequiredComponents (6ms)
	FinalizeReload (1067ms)
		SetupLoadedEditorAssemblies (0ms)
			InitializePlatformSupportModulesInManaged (3ms)
			BeforeProcessingInitializeOnLoad (110ms)
			ProcessInitializeOnLoadAttributes (487ms)
			ProcessInitializeOnLoadMethodAttributes (140ms)
			AfterProcessingInitializeOnLoad (7ms)
		AwakeInstancesAfterBackupRestoration (25ms)
Unloading 22 Unused Serialized files (Serialized files now loaded: 0)
Unloading 6622 unused Assets / (5.9 MB). Loaded Objects now: 7538.
Memory consumption went from 409.8 MB to 403.9 MB.
Total: 14.193000 ms (FindLiveObjects: 0.954900 ms CreateObjectMapping: 2.797500 ms MarkObjects: 6.320800 ms  DeleteObjects: 4.117500 ms)

Prepare: number of updated asset objects reloaded= 0
========================================================================
Received Prepare
AcceleratorClientConnectionCallback - disconnected - :0
Unloading 22 Unused Serialized files (Serialized files now loaded: 0)
Unloading 6611 unused Assets / (6.6 MB). Loaded Objects now: 7538.
Memory consumption went from 412.0 MB to 405.4 MB.
Total: 18.779500 ms (FindLiveObjects: 1.347300 ms CreateObjectMapping: 4.085700 ms MarkObjects: 7.306700 ms  DeleteObjects: 6.038000 ms)

Prepare: number of updated asset objects reloaded= 0
========================================================================
Received Prepare
AcceleratorClientConnectionCallback - disconnected - :0
[Licensing::Client] Successfully resolved entitlement details
Begin MonoManager ReloadAssembly
Native extension for WindowsStandalone target not found
Native extension for WebGL target not found
[Package Manager] Failed to launch server process. Reason: Unity was launched with the -noUpm command-line argument
[Package Manager] Unable to send message (not connected to server process).
[Package Manager] Cannot connect to Unity Package Manager local server
[Package Manager] Failed to launch server process. Reason: Unity was launched with the -noUpm command-line argument
[Package Manager] Unable to send message (not connected to server process).
[Package Manager] Cannot connect to Unity Package Manager local server
ScheduleIndexationOnStartup MainProcess:False IndexOnStartup:True
Mono: successfully reloaded assembly
- Finished resetting the current domain, in  1.373 seconds
Domain Reload Profiling: 2602ms
	BeginReloadAssembly (350ms)
		DisableScriptedObjects (13ms)
		CreateAndSetChildDomain (89ms)
	RebuildCommonClasses (13ms)
	RebuildNativeTypeToScriptingClass (22ms)
	initialDomainReloadingComplete (87ms)
	LoadAllAssembliesAndSetupDomain (756ms)
		LoadAssemblies (492ms)
		AnalyzeDomain (252ms)
			TypeCache.Refresh (11ms)
			BuildScriptInfoCaches (229ms)
			ResolveRequiredComponents (9ms)
	FinalizeReload (1374ms)
		SetupLoadedEditorAssemblies (0ms)
			InitializePlatformSupportModulesInManaged (5ms)
			BeforeProcessingInitializeOnLoad (145ms)
			ProcessInitializeOnLoadAttributes (629ms)
			ProcessInitializeOnLoadMethodAttributes (184ms)
			AfterProcessingInitializeOnLoad (10ms)
		AwakeInstancesAfterBackupRestoration (30ms)
Unloading 22 Unused Serialized files (Serialized files now loaded: 0)
Unloading 6622 unused Assets / (5.6 MB). Loaded Objects now: 7541.
Memory consumption went from 417.1 MB to 411.5 MB.
Total: 12.881800 ms (FindLiveObjects: 0.984500 ms CreateObjectMapping: 2.148100 ms MarkObjects: 6.195500 ms  DeleteObjects: 3.551300 ms)

Prepare: number of updated asset objects reloaded= 0
========================================================================
Received Prepare
AcceleratorClientConnectionCallback - disconnected - :0
Begin MonoManager ReloadAssembly
Native extension for WindowsStandalone target not found
Native extension for WebGL target not found
[Package Manager] Failed to launch server process. Reason: Unity was launched with the -noUpm command-line argument
[Package Manager] Unable to send message (not connected to server process).
[Package Manager] Cannot connect to Unity Package Manager local server
[Package Manager] Failed to launch server process. Reason: Unity was launched with the -noUpm command-line argument
[Package Manager] Unable to send message (not connected to server process).
[Package Manager] Cannot connect to Unity Package Manager local server
ScheduleIndexationOnStartup MainProcess:False IndexOnStartup:True
Mono: successfully reloaded assembly
- Finished resetting the current domain, in  1.091 seconds
Domain Reload Profiling: 1971ms
	BeginReloadAssembly (299ms)
		DisableScriptedObjects (12ms)
		CreateAndSetChildDomain (82ms)
	RebuildCommonClasses (14ms)
	RebuildNativeTypeToScriptingClass (23ms)
	initialDomainReloadingComplete (82ms)
	LoadAllAssembliesAndSetupDomain (461ms)
		LoadAssemblies (419ms)
		AnalyzeDomain (19ms)
			TypeCache.Refresh (8ms)
			ResolveRequiredComponents (6ms)
	FinalizeReload (1093ms)
		SetupLoadedEditorAssemblies (0ms)
			InitializePlatformSupportModulesInManaged (3ms)
			BeforeProcessingInitializeOnLoad (113ms)
			ProcessInitializeOnLoadAttributes (496ms)
			ProcessInitializeOnLoadMethodAttributes (148ms)
			AfterProcessingInitializeOnLoad (8ms)
		AwakeInstancesAfterBackupRestoration (31ms)
Unloading 22 Unused Serialized files (Serialized files now loaded: 0)
Unloading 6622 unused Assets / (6.3 MB). Loaded Objects now: 7544.
Memory consumption went from 418.2 MB to 411.9 MB.
Total: 17.405000 ms (FindLiveObjects: 1.629200 ms CreateObjectMapping: 3.176500 ms MarkObjects: 6.536000 ms  DeleteObjects: 6.061300 ms)

Prepare: number of updated asset objects reloaded= 0
========================================================================
Received Prepare
AcceleratorClientConnectionCallback - disconnected - :0
Refreshing native plugins compatible for Editor in 2.26 ms, found 4 plugins.
Unloading 22 Unused Serialized files (Serialized files now loaded: 0)
Unloading 6611 unused Assets / (5.7 MB). Loaded Objects now: 7544.
Memory consumption went from 420.4 MB to 414.7 MB.
Total: 19.152500 ms (FindLiveObjects: 1.258700 ms CreateObjectMapping: 4.043000 ms MarkObjects: 8.721900 ms  DeleteObjects: 5.126500 ms)

Prepare: number of updated asset objects reloaded= 0
Editor requested this worker to shutdown with reason: Editor is closing down
AcceleratorClientConnectionCallback - disconnected - :0
AssetImportWorker is now disconnected from the server
Process exiting
Exiting without the bug reporter. Application will terminate with return code 0